// Jest Snapshot v1, https://goo.gl/fbAQLP

exports[`App has the expected html structure 1`] = `
<div
  id="app"
>
  <section
    class="container-fluid"
  >
    <!---->
     
    <img
      src="./assets/logo.png"
    />
     
    <!---->
  </section>
   
  <br />
   
  <section
    class="container-fluid"
  >
    <!---->
  </section>
</div>
`;
