// Jest Snapshot v1, https://goo.gl/fbAQLP

exports[`ProjectList has the expected html structure 1`] = `
<ul
  class="project-list"
>
  <li
    class="project card"
  >
    <ul
      class="project-container list-group"
    >
      <li
        class="project-name card-title list-group-item d-flex w-100 justify-content-between"
      >
        <h5>
          Test Project
        </h5>
      </li>
       
      <li
        class="project-description list-group-item d-flex w-100 justify-content-between"
      >
        
    
  
      </li>
       
      <li
        class="project-date list-group-item d-flex w-100 justify-content-between"
      >
        
    
  
      </li>
       
      <li
        class="project-owner list-group-item d-flex w-100 justify-content-between"
      >
        
    
  
      </li>
       
      <li
        class="project-repo-url list-group-item d-flex w-100 justify-content-between"
      >
        
    
  
      </li>
       
      <li
        class="project-tech-weights list-group-item"
      >
        <div
          class="weight-list progress"
          style="height: 20px;"
        >
          <div
            aria-valuemax="100"
            aria-valuemin="0"
            aria-valuenow="25"
            class="weight progress-bar"
            role="progressbar"
            style="width: 100%; background-color: green;"
          >
            
    Test: 100%
  
          </div>
        </div>
      </li>
    </ul>
  </li>
</ul>
`;
