// Jest Snapshot v1, https://goo.gl/fbAQLP

exports[`WeightVisualiser has the expected html structure 1`] = `
<div
  class="weight-list progress"
  style="height: 20px;"
>
  <div
    aria-valuemax="100"
    aria-valuemin="0"
    aria-valuenow="25"
    class="weight progress-bar"
    role="progressbar"
    style="width: 50%; background-color: green;"
  >
    
    Vue.js: 50%
  
  </div>
  <div
    aria-valuemax="100"
    aria-valuemin="0"
    aria-valuenow="25"
    class="weight progress-bar"
    role="progressbar"
    style="width: 50%; background-color: blue;"
  >
    
    jest.js: 50%
  
  </div>
</div>
`;
